// Jest Snapshot v1, https://goo.gl/fbAQLP

exports[`GamePlay renders with a game that has a winner 1`] = `
<div>
  <Board
    currentUserPlayer={null}
    gameId={undefined}
    gameState={undefined}
    isCurrentUserActive={false}
    message={undefined}
    possibleMove={Immutable.List []}
  />
  <div
    className="control-bar"
  >
    <Avatar
      currentUser={
        Immutable.Map {
          "uid": "host-uid",
        }
      }
      isActive={false}
    />
    <CapturedPieces
      gameState={undefined}
      whosePiecesWereCaptured="opponent"
    />
    <p>
      Other player's turn
    </p>
    <CapturedPieces
      gameState={undefined}
      whosePiecesWereCaptured="host"
    />
    <Avatar
      currentUser={
        Immutable.Map {
          "uid": "host-uid",
        }
      }
      isActive={false}
    />
  </div>
</div>
`;

exports[`GamePlay renders with no games 1`] = `
<p>
  Loading...
</p>
`;
