exports[`CapturedPieces renders when there is no game state 1`] = `null`;

exports[`CapturedPieces with game state captured pieces host is captured 1`] = `"<div class=\"captured\"><div class=\"piece-count-pair\"><span class=\"host glyphicon glyphicon-tower\"></span><span class=\"badge\">1</span></div><div class=\"piece-count-pair\"><span class=\"host glyphicon glyphicon-pawn\"></span><span class=\"badge\">3</span></div></div>"`;

exports[`CapturedPieces with game state captured pieces opponent is captured 1`] = `"<div class=\"captured\"><div class=\"piece-count-pair\"><span class=\"opponent glyphicon glyphicon-tower\"></span><span class=\"badge\">4</span></div><div class=\"piece-count-pair\"><span class=\"opponent glyphicon glyphicon-pawn\"></span><span class=\"badge\">1</span></div></div>"`;

exports[`CapturedPieces with game state no captured pieces host is captured 1`] = `"<div class=\"captured\"><div class=\"piece-count-pair\"><span class=\"host glyphicon glyphicon-tower\"></span><span class=\"badge\">0</span></div><div class=\"piece-count-pair\"><span class=\"host glyphicon glyphicon-pawn\"></span><span class=\"badge\">0</span></div></div>"`;

exports[`CapturedPieces with game state no captured pieces opponent is captured 1`] = `"<div class=\"captured\"><div class=\"piece-count-pair\"><span class=\"opponent glyphicon glyphicon-tower\"></span><span class=\"badge\">0</span></div><div class=\"piece-count-pair\"><span class=\"opponent glyphicon glyphicon-pawn\"></span><span class=\"badge\">0</span></div></div>"`;
