exports[`Sidebar renders 1`] = `
<div
  data-radium={true}>
  <div
    className="bm-overlay"
    data-radium={true}
    onClick={[Function]}
    style={
      Object {
        "MozTransform": "translate3d(100%, 0, 0)",
        "MsTransform": "translate3d(100%, 0, 0)",
        "OTransform": "translate3d(100%, 0, 0)",
        "WebkitTransform": "translate3d(100%, 0, 0)",
        "background": "rgba(0, 0, 0, 0.3)",
        "height": "100%",
        "opacity": 0,
        "position": "fixed",
        "transform": "translate3d(100%, 0, 0)",
        "transition": "opacity 0.3s, transform 0s 0.3s",
        "width": "100%",
        "zIndex": 1,
      }
    } />
  <div
    className="bm-menu-wrap "
    data-radium={true}
    id=""
    style={
      Object {
        "MozTransform": "translate3d(-100%, 0, 0)",
        "MsTransform": "translate3d(-100%, 0, 0)",
        "OTransform": "translate3d(-100%, 0, 0)",
        "WebkitTransform": "translate3d(-100%, 0, 0)",
        "height": "100%",
        "position": "fixed",
        "right": "inherit",
        "transform": "translate3d(-100%, 0, 0)",
        "transition": "all 0.5s",
        "width": 300,
        "zIndex": 2,
      }
    }>
    <div
      className="bm-menu"
      data-radium={true}
      style={
        Object {
          "boxSizing": "border-box",
          "height": "100%",
          "overflow": "auto",
        }
      }>
      <nav
        className="bm-item-list"
        data-radium={true}
        style={
          Object {
            "height": "100%",
          }
        }>
        <div
          className="user-bar"
          data-radium={true}
          style={
            Object {
              "display": "block",
              "outline": "none",
            }
          }>
          <span>
            Display Name
          </span>
          <img
            alt="avatar for Display Name"
            className="profile-picture"
            src="photoURL" />
        </div>
        <button
          className="btn btn-primary"
          disabled={false}
          onClick={undefined}
          style={
            Array [
              Object {
                "display": "block",
                "outline": "none",
              },
            ]
          }
          type="button">
          Sign Out
        </button>
      </nav>
    </div>
    <div
      data-radium={true}
      style={Object {}}>
      <div
        className="bm-cross-button"
        data-radium={true}
        style={
          Object {
            "height": 24,
            "position": "absolute",
            "right": 8,
            "top": 8,
            "width": 24,
          }
        }>
        <span
          data-radium={true}
          style={
            Object {
              "position": "absolute",
              "right": "14px",
              "top": "6px",
            }
          }>
          <span
            className="bm-cross"
            data-radium={true}
            style={
              Object {
                "height": 14,
                "position": "absolute",
                "transform": "rotate(45deg)",
                "width": 3,
              }
            } />
          <span
            className="bm-cross"
            data-radium={true}
            style={
              Object {
                "height": 14,
                "position": "absolute",
                "transform": "rotate(-45deg)",
                "width": 3,
              }
            } />
        </span>
        <button
          data-radium={true}
          onClick={[Function]}
          style={
            Object {
              "background": "transparent",
              "border": "none",
              "height": "100%",
              "left": 0,
              "margin": 0,
              "outline": "none",
              "padding": 0,
              "position": "absolute",
              "textIndent": -9999,
              "top": 0,
              "width": "100%",
            }
          }>
          Close Menu
        </button>
      </div>
    </div>
  </div>
  <div
    className="bm-burger-button"
    data-radium={true}
    style={
      Object {
        "zIndex": 1,
      }
    }>
    <span
      data-radium={true}>
      <span
        className="bm-burger-bars"
        data-radium={true}
        style={
          Object {
            "height": "20%",
            "left": 0,
            "opacity": 1,
            "position": "absolute",
            "right": 0,
            "top": "0%",
          }
        } />
      <span
        className="bm-burger-bars"
        data-radium={true}
        style={
          Object {
            "height": "20%",
            "left": 0,
            "opacity": 1,
            "position": "absolute",
            "right": 0,
            "top": "40%",
          }
        } />
      <span
        className="bm-burger-bars"
        data-radium={true}
        style={
          Object {
            "height": "20%",
            "left": 0,
            "opacity": 1,
            "position": "absolute",
            "right": 0,
            "top": "80%",
          }
        } />
    </span>
    <button
      data-radium={true}
      onClick={[Function]}
      onMouseEnter={[Function]}
      onMouseLeave={[Function]}
      style={
        Object {
          "border": "none",
          "fontSize": 8,
          "height": "100%",
          "left": 0,
          "margin": 0,
          "opacity": 0,
          "padding": 0,
          "position": "absolute",
          "top": 0,
          "width": "100%",
        }
      }>
      Open Menu
    </button>
  </div>
</div>
`;
