exports[`reducer BOARD_SPACE_CLICK handles the first board space in a move chain 1`] = `
Object {
  "firebase": Object {
    "auth": Object {
      "displayName": "Current User Display Name",
      "photoURL": "current user photo url",
      "uid": "current-user-uid",
    },
    "authError": null,
    "data": Object {
      "games": Object {
        "-KnrZP2chDv_4frmGLqQ": Object {
          "gameState": Object {
            "boardSpaces": Array [
              Object {
                "col": 5,
                "row": 0,
              },
              Object {
                "col": 6,
                "row": 0,
              },
              Object {
                "col": 2,
                "row": 1,
              },
              Object {
                "col": 3,
                "row": 1,
              },
              Object {
                "col": 4,
                "row": 1,
              },
              Object {
                "col": 5,
                "row": 1,
              },
              Object {
                "col": 6,
                "row": 1,
              },
              Object {
                "col": 7,
                "row": 1,
              },
              Object {
                "col": 8,
                "row": 1,
              },
              Object {
                "col": 9,
                "row": 1,
              },
              Object {
                "col": 1,
                "row": 2,
              },
              Object {
                "col": 2,
                "row": 2,
              },
              Object {
                "col": 3,
                "row": 2,
              },
              Object {
                "col": 4,
                "row": 2,
              },
              Object {
                "col": 5,
                "row": 2,
              },
              Object {
                "col": 6,
                "row": 2,
              },
              Object {
                "col": 7,
                "row": 2,
              },
              Object {
                "col": 8,
                "row": 2,
              },
              Object {
                "col": 9,
                "row": 2,
              },
              Object {
                "col": 10,
                "row": 2,
              },
              Object {
                "col": 0,
                "row": 3,
              },
              Object {
                "col": 1,
                "row": 3,
              },
              Object {
                "col": 2,
                "row": 3,
              },
              Object {
                "col": 3,
                "row": 3,
              },
              Object {
                "col": 4,
                "row": 3,
              },
              Object {
                "col": 5,
                "row": 3,
              },
              Object {
                "col": 6,
                "row": 3,
              },
              Object {
                "col": 7,
                "row": 3,
              },
              Object {
                "col": 8,
                "row": 3,
              },
              Object {
                "col": 9,
                "row": 3,
              },
              Object {
                "col": 10,
                "row": 3,
              },
              Object {
                "col": 11,
                "row": 3,
              },
              Object {
                "col": 0,
                "row": 4,
              },
              Object {
                "col": 1,
                "row": 4,
              },
              Object {
                "col": 2,
                "row": 4,
              },
              Object {
                "col": 3,
                "row": 4,
              },
              Object {
                "col": 4,
                "row": 4,
              },
              Object {
                "col": 5,
                "row": 4,
              },
              Object {
                "col": 6,
                "row": 4,
              },
              Object {
                "col": 7,
                "row": 4,
              },
              Object {
                "col": 8,
                "row": 4,
              },
              Object {
                "col": 9,
                "row": 4,
              },
              Object {
                "col": 10,
                "row": 4,
              },
              Object {
                "col": 11,
                "row": 4,
              },
              Object {
                "col": 0,
                "row": 5,
              },
              Object {
                "col": 1,
                "row": 5,
              },
              Object {
                "col": 2,
                "piece": Object {
                  "player": "playerA",
                  "type": "knight",
                },
                "row": 5,
              },
              Object {
                "col": 3,
                "piece": Object {
                  "player": "playerA",
                  "type": "pawn",
                },
                "row": 5,
              },
              Object {
                "col": 4,
                "piece": Object {
                  "player": "playerA",
                  "type": "pawn",
                },
                "row": 5,
              },
              Object {
                "col": 5,
                "piece": Object {
                  "player": "playerA",
                  "type": "pawn",
                },
                "row": 5,
              },
              Object {
                "col": 6,
                "piece": Object {
                  "player": "playerA",
                  "type": "pawn",
                },
                "row": 5,
              },
              Object {
                "col": 7,
                "piece": Object {
                  "player": "playerA",
                  "type": "pawn",
                },
                "row": 5,
              },
              Object {
                "col": 8,
                "piece": Object {
                  "player": "playerA",
                  "type": "pawn",
                },
                "row": 5,
              },
              Object {
                "col": 9,
                "piece": Object {
                  "player": "playerA",
                  "type": "knight",
                },
                "row": 5,
              },
              Object {
                "col": 10,
                "row": 5,
              },
              Object {
                "col": 11,
                "row": 5,
              },
              Object {
                "col": 0,
                "row": 6,
              },
              Object {
                "col": 1,
                "row": 6,
              },
              Object {
                "col": 2,
                "row": 6,
              },
              Object {
                "col": 3,
                "piece": Object {
                  "player": "playerA",
                  "type": "knight",
                },
                "row": 6,
              },
              Object {
                "col": 4,
                "piece": Object {
                  "player": "playerA",
                  "type": "pawn",
                },
                "row": 6,
              },
              Object {
                "col": 5,
                "piece": Object {
                  "player": "playerA",
                  "type": "pawn",
                },
                "row": 6,
              },
              Object {
                "col": 6,
                "piece": Object {
                  "player": "playerA",
                  "type": "pawn",
                },
                "row": 6,
              },
              Object {
                "col": 7,
                "piece": Object {
                  "player": "playerA",
                  "type": "pawn",
                },
                "row": 6,
              },
              Object {
                "col": 8,
                "piece": Object {
                  "player": "playerA",
                  "type": "knight",
                },
                "row": 6,
              },
              Object {
                "col": 9,
                "row": 6,
              },
              Object {
                "col": 10,
                "row": 6,
              },
              Object {
                "col": 11,
                "row": 6,
              },
              Object {
                "col": 0,
                "row": 7,
              },
              Object {
                "col": 1,
                "row": 7,
              },
              Object {
                "col": 2,
                "row": 7,
              },
              Object {
                "col": 3,
                "row": 7,
              },
              Object {
                "col": 4,
                "row": 7,
              },
              Object {
                "col": 5,
                "row": 7,
              },
              Object {
                "col": 6,
                "row": 7,
              },
              Object {
                "col": 7,
                "row": 7,
              },
              Object {
                "col": 8,
                "row": 7,
              },
              Object {
                "col": 9,
                "row": 7,
              },
              Object {
                "col": 10,
                "row": 7,
              },
              Object {
                "col": 11,
                "row": 7,
              },
              Object {
                "col": 0,
                "row": 8,
              },
              Object {
                "col": 1,
                "row": 8,
              },
              Object {
                "col": 2,
                "row": 8,
              },
              Object {
                "col": 3,
                "row": 8,
              },
              Object {
                "col": 4,
                "row": 8,
              },
              Object {
                "col": 5,
                "row": 8,
              },
              Object {
                "col": 6,
                "row": 8,
              },
              Object {
                "col": 7,
                "row": 8,
              },
              Object {
                "col": 8,
                "row": 8,
              },
              Object {
                "col": 9,
                "row": 8,
              },
              Object {
                "col": 10,
                "row": 8,
              },
              Object {
                "col": 11,
                "row": 8,
              },
              Object {
                "col": 0,
                "row": 9,
              },
              Object {
                "col": 1,
                "row": 9,
              },
              Object {
                "col": 2,
                "row": 9,
              },
              Object {
                "col": 3,
                "piece": Object {
                  "player": "playerB",
                  "type": "knight",
                },
                "row": 9,
              },
              Object {
                "col": 4,
                "piece": Object {
                  "player": "playerB",
                  "type": "pawn",
                },
                "row": 9,
              },
              Object {
                "col": 5,
                "piece": Object {
                  "player": "playerB",
                  "type": "pawn",
                },
                "row": 9,
              },
              Object {
                "col": 6,
                "piece": Object {
                  "player": "playerB",
                  "type": "pawn",
                },
                "row": 9,
              },
              Object {
                "col": 7,
                "piece": Object {
                  "player": "playerB",
                  "type": "pawn",
                },
                "row": 9,
              },
              Object {
                "col": 8,
                "piece": Object {
                  "player": "playerB",
                  "type": "knight",
                },
                "row": 9,
              },
              Object {
                "col": 9,
                "row": 9,
              },
              Object {
                "col": 10,
                "row": 9,
              },
              Object {
                "col": 11,
                "row": 9,
              },
              Object {
                "col": 0,
                "row": 10,
              },
              Object {
                "col": 1,
                "row": 10,
              },
              Object {
                "col": 2,
                "piece": Object {
                  "player": "playerB",
                  "type": "knight",
                },
                "row": 10,
              },
              Object {
                "col": 3,
                "piece": Object {
                  "player": "playerB",
                  "type": "pawn",
                },
                "row": 10,
              },
              Object {
                "col": 4,
                "piece": Object {
                  "player": "playerB",
                  "type": "pawn",
                },
                "row": 10,
              },
              Object {
                "col": 5,
                "piece": Object {
                  "player": "playerB",
                  "type": "pawn",
                },
                "row": 10,
              },
              Object {
                "col": 6,
                "piece": Object {
                  "player": "playerB",
                  "type": "pawn",
                },
                "row": 10,
              },
              Object {
                "col": 7,
                "piece": Object {
                  "player": "playerB",
                  "type": "pawn",
                },
                "row": 10,
              },
              Object {
                "col": 8,
                "piece": Object {
                  "player": "playerB",
                  "type": "pawn",
                },
                "row": 10,
              },
              Object {
                "col": 9,
                "piece": Object {
                  "player": "playerB",
                  "type": "knight",
                },
                "row": 10,
              },
              Object {
                "col": 10,
                "row": 10,
              },
              Object {
                "col": 11,
                "row": 10,
              },
              Object {
                "col": 0,
                "row": 11,
              },
              Object {
                "col": 1,
                "row": 11,
              },
              Object {
                "col": 2,
                "row": 11,
              },
              Object {
                "col": 3,
                "row": 11,
              },
              Object {
                "col": 4,
                "row": 11,
              },
              Object {
                "col": 5,
                "row": 11,
              },
              Object {
                "col": 6,
                "row": 11,
              },
              Object {
                "col": 7,
                "row": 11,
              },
              Object {
                "col": 8,
                "row": 11,
              },
              Object {
                "col": 9,
                "row": 11,
              },
              Object {
                "col": 10,
                "row": 11,
              },
              Object {
                "col": 11,
                "row": 11,
              },
              Object {
                "col": 0,
                "row": 12,
              },
              Object {
                "col": 1,
                "row": 12,
              },
              Object {
                "col": 2,
                "row": 12,
              },
              Object {
                "col": 3,
                "row": 12,
              },
              Object {
                "col": 4,
                "row": 12,
              },
              Object {
                "col": 5,
                "row": 12,
              },
              Object {
                "col": 6,
                "row": 12,
              },
              Object {
                "col": 7,
                "row": 12,
              },
              Object {
                "col": 8,
                "row": 12,
              },
              Object {
                "col": 9,
                "row": 12,
              },
              Object {
                "col": 10,
                "row": 12,
              },
              Object {
                "col": 11,
                "row": 12,
              },
              Object {
                "col": 0,
                "row": 13,
              },
              Object {
                "col": 1,
                "row": 13,
              },
              Object {
                "col": 2,
                "row": 13,
              },
              Object {
                "col": 3,
                "row": 13,
              },
              Object {
                "col": 4,
                "row": 13,
              },
              Object {
                "col": 5,
                "row": 13,
              },
              Object {
                "col": 6,
                "row": 13,
              },
              Object {
                "col": 7,
                "row": 13,
              },
              Object {
                "col": 8,
                "row": 13,
              },
              Object {
                "col": 9,
                "row": 13,
              },
              Object {
                "col": 10,
                "row": 13,
              },
              Object {
                "col": 11,
                "row": 13,
              },
              Object {
                "col": 1,
                "row": 14,
              },
              Object {
                "col": 2,
                "row": 14,
              },
              Object {
                "col": 3,
                "row": 14,
              },
              Object {
                "col": 4,
                "row": 14,
              },
              Object {
                "col": 5,
                "row": 14,
              },
              Object {
                "col": 6,
                "row": 14,
              },
              Object {
                "col": 7,
                "row": 14,
              },
              Object {
                "col": 8,
                "row": 14,
              },
              Object {
                "col": 9,
                "row": 14,
              },
              Object {
                "col": 10,
                "row": 14,
              },
              Object {
                "col": 2,
                "row": 15,
              },
              Object {
                "col": 3,
                "row": 15,
              },
              Object {
                "col": 4,
                "row": 15,
              },
              Object {
                "col": 5,
                "row": 15,
              },
              Object {
                "col": 6,
                "row": 15,
              },
              Object {
                "col": 7,
                "row": 15,
              },
              Object {
                "col": 8,
                "row": 15,
              },
              Object {
                "col": 9,
                "row": 15,
              },
              Object {
                "col": 5,
                "row": 16,
              },
              Object {
                "col": 6,
                "row": 16,
              },
            ],
            "capturedPieces": Object {
              "playerA": Object {
                "knight": 0,
                "pawn": 0,
              },
              "playerB": Object {
                "knight": 0,
                "pawn": 0,
              },
            },
            "turnCount": 0,
          },
          "host": "current-user-uid",
          "opponent": "some-user-uid",
        },
      },
      "users": Object {
        "current-user-uid": Object {
          "avatarUrl": "current user photo url",
          "displayName": "Current User Display Name",
          "email": "current.user@gmail.com",
          "photoURL": "current user photo url",
          "uid": "current-user-uid",
        },
        "some-user-uid": Object {
          "avatarUrl": "other user photo url",
          "displayName": "ann perkins",
          "email": "other.user@gmail.com",
          "photoURL": "other user photo url",
          "uid": "some-user-uid",
        },
      },
    },
    "isInitializing": false,
    "profile": Object {
      "displayName": "Current User Display Name",
      "photoURL": "current user photo url",
      "uid": "current-user-uid",
    },
    "requested": Object {
      "games": true,
      "users": true,
    },
    "requesting": Object {
      "games": false,
      "users": false,
    },
    "timestamp": Object {
      "games": 1500823289327,
      "users": 1500823290264,
    },
  },
  "routing": Object {
    "locationBeforeTransitions": Object {
      "action": "POP",
      "hash": "",
      "key": "r457nc",
      "pathname": "/play/-KnrZP2chDv_4frmGLqQ",
      "query": Object {},
      "search": "",
    },
  },
  "ui": Object {
    "possibleMoveSteps": Array [
      Object {
        "col": 3,
        "row": 6,
      },
    ],
  },
}
`;
